TAP version 13
# Subtest: v31 exposes zero-argument formal APIs with no caller command injection and a /tmp-only harness
ok 1 - v31 exposes zero-argument formal APIs with no caller command injection and a /tmp-only harness
  ---
  duration_ms: 26.411413
  type: 'test'
  ...
# Subtest: v31 uses one explicit code-point comparator for authorized and materialized path order
ok 2 - v31 uses one explicit code-point comparator for authorized and materialized path order
  ---
  duration_ms: 19.018548
  type: 'test'
  ...
# Subtest: v31 accepts the real registry pattern with shared historical run IDs while rejecting reuse of every target identity
ok 3 - v31 accepts the real registry pattern with shared historical run IDs while rejecting reuse of every target identity
  ---
  duration_ms: 1686.241916
  type: 'test'
  ...
# Subtest: v31 positive fake-command path proves loopback connectivity before every mutation and four ordered injection points
ok 4 - v31 positive fake-command path proves loopback connectivity before every mutation and four ordered injection points
  ---
  duration_ms: 423.962876
  type: 'test'
  ...
# Subtest: v31 runtime preflight failure is classified, sealed, secret-free, and blocks every mutating SQL and retry
ok 5 - v31 runtime preflight failure is classified, sealed, secret-free, and blocks every mutating SQL and retry
  ---
  duration_ms: 67.223214
  type: 'test'
  ...
# Subtest: v31 loopback connectivity failure is classified before every mutating SQL and remains one-shot
ok 6 - v31 loopback connectivity failure is classified before every mutating SQL and remains one-shot
  ---
  duration_ms: 91.230769
  type: 'test'
  ...
# Subtest: v31 approval execution remains bound to the read-only snapshot after original source mutation
ok 7 - v31 approval execution remains bound to the read-only snapshot after original source mutation
  ---
  duration_ms: 205.308091
  type: 'test'
  ...
# Subtest: v31 approval children preload the snapshot resolver and reject live repository fallback
ok 8 - v31 approval children preload the snapshot resolver and reject live repository fallback
  ---
  duration_ms: 267.213821
  type: 'test'
  ...
# Subtest: v31 rejects direct snapshot mutation before approval with zero approval children and a fixed failure terminal
ok 9 - v31 rejects direct snapshot mutation before approval with zero approval children and a fixed failure terminal
  ---
  duration_ms: 198.691903
  type: 'test'
  ...
# Subtest: v31 rejects live runtime dependency mutation before approval with zero approval children
ok 10 - v31 rejects live runtime dependency mutation before approval with zero approval children
  ---
  duration_ms: 177.59392
  type: 'test'
  ...
# Subtest: v31 binds exact runtime executable bytes and rejects executable drift before approval
ok 11 - v31 binds exact runtime executable bytes and rejects executable drift before approval
  ---
  duration_ms: 176.105949
  type: 'test'
  ...
# Subtest: v31 preserves fixed failure evidence when a snapshot file is replaced by a symlink
ok 12 - v31 preserves fixed failure evidence when a snapshot file is replaced by a symlink
  ---
  duration_ms: 196.117752
  type: 'test'
  ...
# Subtest: v31 rejects every canonical intake path when missing, mutable, or symlinked before creation
ok 13 - v31 rejects every canonical intake path when missing, mutable, or symlinked before creation
  ---
  duration_ms: 588.970386
  type: 'test'
  ...
# Subtest: v31 rejects exact schema, field, decision, numeric-zero, hash, registry, resource, and live-byte drift before creation
ok 14 - v31 rejects exact schema, field, decision, numeric-zero, hash, registry, resource, and live-byte drift before creation
  ---
  duration_ms: 249.162931
  type: 'test'
  ...
# Subtest: v31 rejects wildcard, multiple, extra, privileged, and malformed published port observations
ok 15 - v31 rejects wildcard, multiple, extra, privileged, and malformed published port observations
  ---
  duration_ms: 100.096447
  type: 'test'
  ...
# Subtest: v31 failure receipts use fixed fields, omit secret error text, and reject extra inspect labels
ok 16 - v31 failure receipts use fixed fields, omit secret error text, and reject extra inspect labels
  ---
  duration_ms: 48.12266
  type: 'test'
  ...
# Subtest: v31 rejects extra observed labels before execute and extra live labels into a fixed failure terminal
ok 17 - v31 rejects extra observed labels before execute and extra live labels into a fixed failure terminal
  ---
  duration_ms: 91.034148
  type: 'test'
  ...
# Subtest: v31 execute rejects observation/execution authority schemas, bindings, modes, symlinks, migration drift, and fixture drift with zero child commands
ok 18 - v31 execute rejects observation/execution authority schemas, bindings, modes, symlinks, migration drift, and fixture drift with zero child commands
  ---
  duration_ms: 355.334107
  type: 'test'
  ...
# Subtest: v31 snapshot and full P0001 marker contracts accept the exact verbose psql prefix while rejecting whitespace drift, ambiguity, and substrings
ok 19 - v31 snapshot and full P0001 marker contracts accept the exact verbose psql prefix while rejecting whitespace drift, ambiguity, and substrings
  ---
  duration_ms: 45.79304
  type: 'test'
  ...
1..19
# tests 19
# suites 0
# pass 19
# fail 0
# cancelled 0
# skipped 0
# todo 0
# duration_ms 5084.832418

