TAP version 13
# Subtest: v25 exposes zero-argument formal APIs with no caller command injection and a /tmp-only harness
ok 1 - v25 exposes zero-argument formal APIs with no caller command injection and a /tmp-only harness
  ---
  duration_ms: 31.831638
  type: 'test'
  ...
# Subtest: v25 accepts the real registry pattern with shared historical run IDs while rejecting reuse of every target identity
ok 2 - v25 accepts the real registry pattern with shared historical run IDs while rejecting reuse of every target identity
  ---
  duration_ms: 925.530248
  type: 'test'
  ...
# Subtest: v25 positive fake-command path proves four ordered injection points across three explicit catalog states
ok 3 - v25 positive fake-command path proves four ordered injection points across three explicit catalog states
  ---
  duration_ms: 412.124101
  type: 'test'
  ...
# Subtest: v25 approval execution remains bound to the read-only snapshot after original source mutation
ok 4 - v25 approval execution remains bound to the read-only snapshot after original source mutation
  ---
  duration_ms: 178.827266
  type: 'test'
  ...
# Subtest: v25 approval children preload the snapshot resolver and reject live repository fallback
ok 5 - v25 approval children preload the snapshot resolver and reject live repository fallback
  ---
  duration_ms: 224.605986
  type: 'test'
  ...
# Subtest: v25 rejects direct snapshot mutation before approval with zero approval children and a fixed failure terminal
ok 6 - v25 rejects direct snapshot mutation before approval with zero approval children and a fixed failure terminal
  ---
  duration_ms: 148.255657
  type: 'test'
  ...
# Subtest: v25 rejects live runtime dependency mutation before approval with zero approval children
ok 7 - v25 rejects live runtime dependency mutation before approval with zero approval children
  ---
  duration_ms: 157.793696
  type: 'test'
  ...
# Subtest: v25 binds exact runtime executable bytes and rejects executable drift before approval
ok 8 - v25 binds exact runtime executable bytes and rejects executable drift before approval
  ---
  duration_ms: 131.004224
  type: 'test'
  ...
# Subtest: v25 preserves fixed failure evidence when a snapshot file is replaced by a symlink
ok 9 - v25 preserves fixed failure evidence when a snapshot file is replaced by a symlink
  ---
  duration_ms: 127.26394
  type: 'test'
  ...
# Subtest: v25 rejects every canonical intake path when missing, mutable, or symlinked before creation
ok 10 - v25 rejects every canonical intake path when missing, mutable, or symlinked before creation
  ---
  duration_ms: 469.365102
  type: 'test'
  ...
# Subtest: v25 rejects exact schema, field, decision, numeric-zero, hash, registry, resource, and live-byte drift before creation
ok 11 - v25 rejects exact schema, field, decision, numeric-zero, hash, registry, resource, and live-byte drift before creation
  ---
  duration_ms: 227.657087
  type: 'test'
  ...
# Subtest: v25 failure receipts use fixed fields, omit secret error text, and reject extra inspect labels
ok 12 - v25 failure receipts use fixed fields, omit secret error text, and reject extra inspect labels
  ---
  duration_ms: 44.493941
  type: 'test'
  ...
# Subtest: v25 rejects extra observed labels before execute and extra live labels into a fixed failure terminal
ok 13 - v25 rejects extra observed labels before execute and extra live labels into a fixed failure terminal
  ---
  duration_ms: 90.363368
  type: 'test'
  ...
# Subtest: v25 execute rejects observation/execution authority schemas, bindings, modes, symlinks, migration drift, and fixture drift with zero child commands
ok 14 - v25 execute rejects observation/execution authority schemas, bindings, modes, symlinks, migration drift, and fixture drift with zero child commands
  ---
  duration_ms: 320.2697
  type: 'test'
  ...
# Subtest: v25 snapshot and full P0001 marker contracts accept the exact verbose psql prefix while rejecting whitespace drift, ambiguity, and substrings
ok 15 - v25 snapshot and full P0001 marker contracts accept the exact verbose psql prefix while rejecting whitespace drift, ambiguity, and substrings
  ---
  duration_ms: 35.750622
  type: 'test'
  ...
1..15
# tests 15
# suites 0
# pass 15
# fail 0
# cancelled 0
# skipped 0
# todo 0
# duration_ms 3583.30496
