TAP version 13
# Subtest: v28 exposes zero-argument formal APIs with no caller command injection and a /tmp-only harness
ok 1 - v28 exposes zero-argument formal APIs with no caller command injection and a /tmp-only harness
  ---
  duration_ms: 63.212211
  type: 'test'
  ...
# Subtest: v28 uses one explicit code-point comparator for authorized and materialized path order
ok 2 - v28 uses one explicit code-point comparator for authorized and materialized path order
  ---
  duration_ms: 23.261676
  type: 'test'
  ...
# Subtest: v28 accepts the real registry pattern with shared historical run IDs while rejecting reuse of every target identity
ok 3 - v28 accepts the real registry pattern with shared historical run IDs while rejecting reuse of every target identity
  ---
  duration_ms: 1258.976956
  type: 'test'
  ...
# Subtest: v28 positive fake-command path proves four ordered injection points across three explicit catalog states
ok 4 - v28 positive fake-command path proves four ordered injection points across three explicit catalog states
  ---
  duration_ms: 399.735467
  type: 'test'
  ...
# Subtest: v28 approval execution remains bound to the read-only snapshot after original source mutation
ok 5 - v28 approval execution remains bound to the read-only snapshot after original source mutation
  ---
  duration_ms: 197.546133
  type: 'test'
  ...
# Subtest: v28 approval children preload the snapshot resolver and reject live repository fallback
ok 6 - v28 approval children preload the snapshot resolver and reject live repository fallback
  ---
  duration_ms: 252.962847
  type: 'test'
  ...
# Subtest: v28 rejects direct snapshot mutation before approval with zero approval children and a fixed failure terminal
ok 7 - v28 rejects direct snapshot mutation before approval with zero approval children and a fixed failure terminal
  ---
  duration_ms: 129.155049
  type: 'test'
  ...
# Subtest: v28 rejects live runtime dependency mutation before approval with zero approval children
ok 8 - v28 rejects live runtime dependency mutation before approval with zero approval children
  ---
  duration_ms: 134.977038
  type: 'test'
  ...
# Subtest: v28 binds exact runtime executable bytes and rejects executable drift before approval
ok 9 - v28 binds exact runtime executable bytes and rejects executable drift before approval
  ---
  duration_ms: 157.067874
  type: 'test'
  ...
# Subtest: v28 preserves fixed failure evidence when a snapshot file is replaced by a symlink
ok 10 - v28 preserves fixed failure evidence when a snapshot file is replaced by a symlink
  ---
  duration_ms: 139.030966
  type: 'test'
  ...
# Subtest: v28 rejects every canonical intake path when missing, mutable, or symlinked before creation
ok 11 - v28 rejects every canonical intake path when missing, mutable, or symlinked before creation
  ---
  duration_ms: 456.437113
  type: 'test'
  ...
# Subtest: v28 rejects exact schema, field, decision, numeric-zero, hash, registry, resource, and live-byte drift before creation
ok 12 - v28 rejects exact schema, field, decision, numeric-zero, hash, registry, resource, and live-byte drift before creation
  ---
  duration_ms: 235.439458
  type: 'test'
  ...
# Subtest: v28 failure receipts use fixed fields, omit secret error text, and reject extra inspect labels
ok 13 - v28 failure receipts use fixed fields, omit secret error text, and reject extra inspect labels
  ---
  duration_ms: 44.290008
  type: 'test'
  ...
# Subtest: v28 rejects extra observed labels before execute and extra live labels into a fixed failure terminal
ok 14 - v28 rejects extra observed labels before execute and extra live labels into a fixed failure terminal
  ---
  duration_ms: 76.792523
  type: 'test'
  ...
# Subtest: v28 execute rejects observation/execution authority schemas, bindings, modes, symlinks, migration drift, and fixture drift with zero child commands
ok 15 - v28 execute rejects observation/execution authority schemas, bindings, modes, symlinks, migration drift, and fixture drift with zero child commands
  ---
  duration_ms: 311.198701
  type: 'test'
  ...
# Subtest: v28 snapshot and full P0001 marker contracts accept the exact verbose psql prefix while rejecting whitespace drift, ambiguity, and substrings
ok 16 - v28 snapshot and full P0001 marker contracts accept the exact verbose psql prefix while rejecting whitespace drift, ambiguity, and substrings
  ---
  duration_ms: 36.915576
  type: 'test'
  ...
1..16
# tests 16
# suites 0
# pass 16
# fail 0
# cancelled 0
# skipped 0
# todo 0
# duration_ms 3973.454126
