✔ v28 exposes zero-argument formal APIs with no caller command injection and a /tmp-only harness (20.591066ms)
✔ v28 uses one explicit code-point comparator for authorized and materialized path order (21.739446ms)
✔ v28 accepts the real registry pattern with shared historical run IDs while rejecting reuse of every target identity (1152.294539ms)
✔ v28 positive fake-command path proves four ordered injection points across three explicit catalog states (391.029065ms)
✔ v28 approval execution remains bound to the read-only snapshot after original source mutation (172.707125ms)
✔ v28 approval children preload the snapshot resolver and reject live repository fallback (220.894221ms)
✔ v28 rejects direct snapshot mutation before approval with zero approval children and a fixed failure terminal (122.054954ms)
✔ v28 rejects live runtime dependency mutation before approval with zero approval children (123.358123ms)
✔ v28 binds exact runtime executable bytes and rejects executable drift before approval (129.068327ms)
✔ v28 preserves fixed failure evidence when a snapshot file is replaced by a symlink (120.573192ms)
✔ v28 rejects every canonical intake path when missing, mutable, or symlinked before creation (425.772929ms)
✔ v28 rejects exact schema, field, decision, numeric-zero, hash, registry, resource, and live-byte drift before creation (222.965187ms)
✔ v28 failure receipts use fixed fields, omit secret error text, and reject extra inspect labels (43.254657ms)
✔ v28 rejects extra observed labels before execute and extra live labels into a fixed failure terminal (71.968178ms)
✔ v28 execute rejects observation/execution authority schemas, bindings, modes, symlinks, migration drift, and fixture drift with zero child commands (282.340028ms)
✔ v28 snapshot and full P0001 marker contracts accept the exact verbose psql prefix while rejecting whitespace drift, ambiguity, and substrings (31.851431ms)
ℹ tests 16
ℹ suites 0
ℹ pass 16
ℹ fail 0
ℹ cancelled 0
ℹ skipped 0
ℹ todo 0
ℹ duration_ms 3608.191447
