✔ v27 exposes zero-argument formal APIs with no caller command injection and a /tmp-only harness (25.869674ms)
✔ v27 uses one explicit code-point comparator for authorized and materialized path order (22.952722ms)
✔ v27 accepts the real registry pattern with shared historical run IDs while rejecting reuse of every target identity (1110.492285ms)
✔ v27 positive fake-command path proves four ordered injection points across three explicit catalog states (400.570031ms)
✔ v27 approval execution remains bound to the read-only snapshot after original source mutation (173.980269ms)
✔ v27 approval children preload the snapshot resolver and reject live repository fallback (207.085074ms)
✔ v27 rejects direct snapshot mutation before approval with zero approval children and a fixed failure terminal (125.901346ms)
✔ v27 rejects live runtime dependency mutation before approval with zero approval children (117.776647ms)
✔ v27 binds exact runtime executable bytes and rejects executable drift before approval (120.277372ms)
✔ v27 preserves fixed failure evidence when a snapshot file is replaced by a symlink (117.757762ms)
✔ v27 rejects every canonical intake path when missing, mutable, or symlinked before creation (446.086854ms)
✔ v27 rejects exact schema, field, decision, numeric-zero, hash, registry, resource, and live-byte drift before creation (229.276367ms)
✔ v27 failure receipts use fixed fields, omit secret error text, and reject extra inspect labels (45.457311ms)
✔ v27 rejects extra observed labels before execute and extra live labels into a fixed failure terminal (76.629042ms)
✔ v27 execute rejects observation/execution authority schemas, bindings, modes, symlinks, migration drift, and fixture drift with zero child commands (295.399241ms)
✔ v27 snapshot and full P0001 marker contracts accept the exact verbose psql prefix while rejecting whitespace drift, ambiguity, and substrings (35.464165ms)
ℹ tests 16
ℹ suites 0
ℹ pass 16
ℹ fail 0
ℹ cancelled 0
ℹ skipped 0
ℹ todo 0
ℹ duration_ms 3615.354642
