TAP version 13
# Subtest: v21 exposes zero-argument formal APIs with no caller command injection and a /tmp-only harness
ok 1 - v21 exposes zero-argument formal APIs with no caller command injection and a /tmp-only harness
  ---
  duration_ms: 7.870114
  type: 'test'
  ...
# Subtest: v21 accepts the real registry pattern with shared historical run IDs while rejecting reuse of every target identity
ok 2 - v21 accepts the real registry pattern with shared historical run IDs while rejecting reuse of every target identity
  ---
  duration_ms: 158.376111
  type: 'test'
  ...
# Subtest: v21 positive fake-command path proves four ordered injection points across three explicit catalog states
ok 3 - v21 positive fake-command path proves four ordered injection points across three explicit catalog states
  ---
  duration_ms: 191.874681
  type: 'test'
  ...
# Subtest: v21 rejects every canonical intake path when missing, mutable, or symlinked before creation
ok 4 - v21 rejects every canonical intake path when missing, mutable, or symlinked before creation
  ---
  duration_ms: 71.246809
  type: 'test'
  ...
# Subtest: v21 rejects exact schema, field, decision, numeric-zero, hash, registry, resource, and live-byte drift before creation
ok 5 - v21 rejects exact schema, field, decision, numeric-zero, hash, registry, resource, and live-byte drift before creation
  ---
  duration_ms: 37.726445
  type: 'test'
  ...
# Subtest: v21 failure receipts use fixed fields, omit secret error text, and reject extra inspect labels
ok 6 - v21 failure receipts use fixed fields, omit secret error text, and reject extra inspect labels
  ---
  duration_ms: 8.719983
  type: 'test'
  ...
# Subtest: v21 rejects extra observed labels before execute and extra live labels into a fixed failure terminal
ok 7 - v21 rejects extra observed labels before execute and extra live labels into a fixed failure terminal
  ---
  duration_ms: 29.025684
  type: 'test'
  ...
# Subtest: v21 execute rejects observation/execution authority schemas, bindings, modes, symlinks, migration drift, and fixture drift with zero child commands
ok 8 - v21 execute rejects observation/execution authority schemas, bindings, modes, symlinks, migration drift, and fixture drift with zero child commands
  ---
  duration_ms: 89.677116
  type: 'test'
  ...
# Subtest: v21 snapshot and full P0001 marker contracts accept the exact verbose psql prefix while rejecting whitespace drift, ambiguity, and substrings
ok 9 - v21 snapshot and full P0001 marker contracts accept the exact verbose psql prefix while rejecting whitespace drift, ambiguity, and substrings
  ---
  duration_ms: 25.787043
  type: 'test'
  ...
1..9
# tests 9
# suites 0
# pass 9
# fail 0
# cancelled 0
# skipped 0
# todo 0
# duration_ms 671.856568
