TAP version 13
# Subtest: v30 exposes zero-argument formal APIs with no caller command injection and a /tmp-only harness
ok 1 - v30 exposes zero-argument formal APIs with no caller command injection and a /tmp-only harness
  ---
  duration_ms: 26.285752
  type: 'test'
  ...
# Subtest: v30 uses one explicit code-point comparator for authorized and materialized path order
ok 2 - v30 uses one explicit code-point comparator for authorized and materialized path order
  ---
  duration_ms: 19.629586
  type: 'test'
  ...
# Subtest: v30 accepts the real registry pattern with shared historical run IDs while rejecting reuse of every target identity
ok 3 - v30 accepts the real registry pattern with shared historical run IDs while rejecting reuse of every target identity
  ---
  duration_ms: 1550.534519
  type: 'test'
  ...
# Subtest: v30 positive fake-command path proves loopback connectivity before every mutation and four ordered injection points
ok 4 - v30 positive fake-command path proves loopback connectivity before every mutation and four ordered injection points
  ---
  duration_ms: 394.105895
  type: 'test'
  ...
# Subtest: v30 runtime preflight failure is classified, sealed, secret-free, and blocks every mutating SQL and retry
ok 5 - v30 runtime preflight failure is classified, sealed, secret-free, and blocks every mutating SQL and retry
  ---
  duration_ms: 63.503001
  type: 'test'
  ...
# Subtest: v30 loopback connectivity failure is classified before every mutating SQL and remains one-shot
ok 6 - v30 loopback connectivity failure is classified before every mutating SQL and remains one-shot
  ---
  duration_ms: 70.099878
  type: 'test'
  ...
# Subtest: v30 approval execution remains bound to the read-only snapshot after original source mutation
ok 7 - v30 approval execution remains bound to the read-only snapshot after original source mutation
  ---
  duration_ms: 183.81346
  type: 'test'
  ...
# Subtest: v30 approval children preload the snapshot resolver and reject live repository fallback
ok 8 - v30 approval children preload the snapshot resolver and reject live repository fallback
  ---
  duration_ms: 235.70983
  type: 'test'
  ...
# Subtest: v30 rejects direct snapshot mutation before approval with zero approval children and a fixed failure terminal
ok 9 - v30 rejects direct snapshot mutation before approval with zero approval children and a fixed failure terminal
  ---
  duration_ms: 143.876804
  type: 'test'
  ...
# Subtest: v30 rejects live runtime dependency mutation before approval with zero approval children
ok 10 - v30 rejects live runtime dependency mutation before approval with zero approval children
  ---
  duration_ms: 141.203355
  type: 'test'
  ...
# Subtest: v30 binds exact runtime executable bytes and rejects executable drift before approval
ok 11 - v30 binds exact runtime executable bytes and rejects executable drift before approval
  ---
  duration_ms: 137.160896
  type: 'test'
  ...
# Subtest: v30 preserves fixed failure evidence when a snapshot file is replaced by a symlink
ok 12 - v30 preserves fixed failure evidence when a snapshot file is replaced by a symlink
  ---
  duration_ms: 139.927447
  type: 'test'
  ...
# Subtest: v30 rejects every canonical intake path when missing, mutable, or symlinked before creation
ok 13 - v30 rejects every canonical intake path when missing, mutable, or symlinked before creation
  ---
  duration_ms: 465.507061
  type: 'test'
  ...
# Subtest: v30 rejects exact schema, field, decision, numeric-zero, hash, registry, resource, and live-byte drift before creation
ok 14 - v30 rejects exact schema, field, decision, numeric-zero, hash, registry, resource, and live-byte drift before creation
  ---
  duration_ms: 239.641996
  type: 'test'
  ...
# Subtest: v30 rejects wildcard, multiple, extra, privileged, and malformed published port observations
ok 15 - v30 rejects wildcard, multiple, extra, privileged, and malformed published port observations
  ---
  duration_ms: 97.35214
  type: 'test'
  ...
# Subtest: v30 failure receipts use fixed fields, omit secret error text, and reject extra inspect labels
ok 16 - v30 failure receipts use fixed fields, omit secret error text, and reject extra inspect labels
  ---
  duration_ms: 49.673888
  type: 'test'
  ...
# Subtest: v30 rejects extra observed labels before execute and extra live labels into a fixed failure terminal
ok 17 - v30 rejects extra observed labels before execute and extra live labels into a fixed failure terminal
  ---
  duration_ms: 82.783614
  type: 'test'
  ...
# Subtest: v30 execute rejects observation/execution authority schemas, bindings, modes, symlinks, migration drift, and fixture drift with zero child commands
ok 18 - v30 execute rejects observation/execution authority schemas, bindings, modes, symlinks, migration drift, and fixture drift with zero child commands
  ---
  duration_ms: 312.640921
  type: 'test'
  ...
# Subtest: v30 snapshot and full P0001 marker contracts accept the exact verbose psql prefix while rejecting whitespace drift, ambiguity, and substrings
ok 19 - v30 snapshot and full P0001 marker contracts accept the exact verbose psql prefix while rejecting whitespace drift, ambiguity, and substrings
  ---
  duration_ms: 31.453917
  type: 'test'
  ...
1..19
# tests 19
# suites 0
# pass 19
# fail 0
# cancelled 0
# skipped 0
# todo 0
# duration_ms 4441.533515

