TAP version 13
# Subtest: v3 candidate freezes review paths and schemas while execution remains false
ok 1 - v3 candidate freezes review paths and schemas while execution remains false
  ---
  duration_ms: 0.847601
  type: 'test'
  ...
# Subtest: v3 database GO and one-way QA GO accept only exact acyclic zero-finding fields
ok 2 - v3 database GO and one-way QA GO accept only exact acyclic zero-finding fields
  ---
  duration_ms: 0.599077
  type: 'test'
  ...
# Subtest: v3 resource authority accepts only exact dedicated anonymous PG16 target
ok 3 - v3 resource authority accepts only exact dedicated anonymous PG16 target
  ---
  duration_ms: 0.779122
  type: 'test'
  ...
# Subtest: v3 GO intake rejects missing, duplicate, unknown, role, decision, P-count and SHA drift
ok 4 - v3 GO intake rejects missing, duplicate, unknown, role, decision, P-count and SHA drift
  ---
  duration_ms: 0.454882
  type: 'test'
  ...
# Subtest: missing dynamic authority stops before claim and first child command
ok 5 - missing dynamic authority stops before claim and first child command
  ---
  duration_ms: 0.275957
  type: 'test'
  ...
# Subtest: authorized v3 fake run writes immutable all-child success evidence and keeps SQL off argv
ok 6 - authorized v3 fake run writes immutable all-child success evidence and keeps SQL off argv
  ---
  duration_ms: 4.714192
  type: 'test'
  ...
# Subtest: psql output is suppressed, immutable, non-reusable and never retries or cleans up
ok 7 - psql output is suppressed, immutable, non-reusable and never retries or cleans up
  ---
  duration_ms: 1.309271
  type: 'test'
  ...
# Subtest: structured redaction covers SQL, JSON, environment, URL and option secrets while benign argv survives
ok 8 - structured redaction covers SQL, JSON, environment, URL and option secrets while benign argv survives
  ---
  duration_ms: 1.461569
  type: 'test'
  ...
# Subtest: strict identity, mount, no-port and PostgreSQL 16 checks fail closed
ok 9 - strict identity, mount, no-port and PostgreSQL 16 checks fail closed
  ---
  duration_ms: 1.263589
  type: 'test'
  ...
1..9
# tests 9
# suites 0
# pass 9
# fail 0
# cancelled 0
# skipped 0
# todo 0
# duration_ms 21.90473
